---
source: tests/integration/tests/configenv.rs
expression: "env_options::<Config>(\"PERCAS_CONFIG\")"
---
[
    EnvOption {
        env_name: "PERCAS_CONFIG_SERVER_ADVERTISE_DATA_ADDR",
        path: [
            "server",
            "advertise_data_addr",
        ],
        value_kind: "string",
        optional: true,
        condition: None,
    },
    EnvOption {
        env_name: "PERCAS_CONFIG_SERVER_CLUSTER_ID",
        path: [
            "server",
            "cluster_id",
        ],
        value_kind: "string",
        optional: true,
        condition: None,
    },
    EnvOption {
        env_name: "PERCAS_CONFIG_SERVER_DIR",
        path: [
            "server",
            "dir",
        ],
        value_kind: "string",
        optional: true,
        condition: None,
    },
    EnvOption {
        env_name: "PERCAS_CONFIG_SERVER_INITIAL_PEERS",
        path: [
            "server",
            "initial_peers",
        ],
        value_kind: "array",
        optional: true,
        condition: None,
    },
    EnvOption {
        env_name: "PERCAS_CONFIG_SERVER_LISTEN_DATA_ADDR",
        path: [
            "server",
            "listen_data_addr",
        ],
        value_kind: "string",
        optional: true,
        condition: None,
    },
    EnvOption {
        env_name: "PERCAS_CONFIG_STORAGE_BACKEND_BUCKET",
        path: [
            "storage",
            "backend",
            "bucket",
        ],
        value_kind: "string",
        optional: true,
        condition: Some(
            "storage.backend.kind=s3",
        ),
    },
    EnvOption {
        env_name: "PERCAS_CONFIG_STORAGE_BACKEND_DATA_DIR",
        path: [
            "storage",
            "backend",
            "data_dir",
        ],
        value_kind: "string",
        optional: true,
        condition: Some(
            "storage.backend.kind=local",
        ),
    },
    EnvOption {
        env_name: "PERCAS_CONFIG_STORAGE_BACKEND_KIND",
        path: [
            "storage",
            "backend",
            "kind",
        ],
        value_kind: "enum[local|s3]",
        optional: true,
        condition: None,
    },
    EnvOption {
        env_name: "PERCAS_CONFIG_STORAGE_BACKEND_REGION",
        path: [
            "storage",
            "backend",
            "region",
        ],
        value_kind: "string",
        optional: true,
        condition: Some(
            "storage.backend.kind=s3",
        ),
    },
    EnvOption {
        env_name: "PERCAS_CONFIG_STORAGE_DISK_CAPACITY",
        path: [
            "storage",
            "disk_capacity",
        ],
        value_kind: "integer|string",
        optional: true,
        condition: None,
    },
    EnvOption {
        env_name: "PERCAS_CONFIG_STORAGE_DISK_THROTTLE_IOPS_COUNTER_MODE",
        path: [
            "storage",
            "disk_throttle",
            "iops_counter",
            "mode",
        ],
        value_kind: "enum[window|leaky_bucket]",
        optional: true,
        condition: None,
    },
    EnvOption {
        env_name: "PERCAS_CONFIG_STORAGE_DISK_THROTTLE_IOPS_COUNTER_SIZE",
        path: [
            "storage",
            "disk_throttle",
            "iops_counter",
            "size",
        ],
        value_kind: "integer",
        optional: true,
        condition: None,
    },
    EnvOption {
        env_name: "PERCAS_CONFIG_STORAGE_DISK_THROTTLE_READ_IOPS",
        path: [
            "storage",
            "disk_throttle",
            "read_iops",
        ],
        value_kind: "integer",
        optional: true,
        condition: None,
    },
    EnvOption {
        env_name: "PERCAS_CONFIG_STORAGE_DISK_THROTTLE_WRITE_IOPS",
        path: [
            "storage",
            "disk_throttle",
            "write_iops",
        ],
        value_kind: "integer",
        optional: true,
        condition: None,
    },
    EnvOption {
        env_name: "PERCAS_CONFIG_STORAGE_MEMORY_CAPACITY",
        path: [
            "storage",
            "memory_capacity",
        ],
        value_kind: "integer|string",
        optional: true,
        condition: None,
    },
    EnvOption {
        env_name: "PERCAS_CONFIG_TELEMETRY_LOGS_DIR",
        path: [
            "telemetry",
            "logs",
            "dir",
        ],
        value_kind: "string",
        optional: true,
        condition: Some(
            "telemetry.logs.kind=file",
        ),
    },
    EnvOption {
        env_name: "PERCAS_CONFIG_TELEMETRY_LOGS_FILTER",
        path: [
            "telemetry",
            "logs",
            "filter",
        ],
        value_kind: "string",
        optional: true,
        condition: None,
    },
    EnvOption {
        env_name: "PERCAS_CONFIG_TELEMETRY_LOGS_KIND",
        path: [
            "telemetry",
            "logs",
            "kind",
        ],
        value_kind: "enum[file|stderr|opentelemetry]",
        optional: true,
        condition: None,
    },
    EnvOption {
        env_name: "PERCAS_CONFIG_TELEMETRY_LOGS_MAX_FILES",
        path: [
            "telemetry",
            "logs",
            "max_files",
        ],
        value_kind: "integer",
        optional: true,
        condition: Some(
            "telemetry.logs.kind=file",
        ),
    },
    EnvOption {
        env_name: "PERCAS_CONFIG_TELEMETRY_LOGS_OTLP_ENDPOINT",
        path: [
            "telemetry",
            "logs",
            "otlp_endpoint",
        ],
        value_kind: "string",
        optional: true,
        condition: Some(
            "telemetry.logs.kind=opentelemetry",
        ),
    },
    EnvOption {
        env_name: "PERCAS_CONFIG_TELEMETRY_METRICS_OPENTELEMETRY_OTLP_ENDPOINT",
        path: [
            "telemetry",
            "metrics",
            "opentelemetry",
            "otlp_endpoint",
        ],
        value_kind: "string",
        optional: true,
        condition: None,
    },
    EnvOption {
        env_name: "PERCAS_CONFIG_TELEMETRY_METRICS_OPENTELEMETRY_PUSH_INTERVAL",
        path: [
            "telemetry",
            "metrics",
            "opentelemetry",
            "push_interval",
        ],
        value_kind: "integer|string",
        optional: true,
        condition: None,
    },
    EnvOption {
        env_name: "PERCAS_CONFIG_TELEMETRY_TRACES_CAPTURE_LOG_FILTER",
        path: [
            "telemetry",
            "traces",
            "capture_log_filter",
        ],
        value_kind: "string",
        optional: true,
        condition: None,
    },
    EnvOption {
        env_name: "PERCAS_CONFIG_TELEMETRY_TRACES_OPENTELEMETRY_OTLP_ENDPOINT",
        path: [
            "telemetry",
            "traces",
            "opentelemetry",
            "otlp_endpoint",
        ],
        value_kind: "string",
        optional: true,
        condition: None,
    },
]
