---
source: tests/derive/tests/derive.rs
expression: "Storage::deserialize_shape()"
---
DeserializeShapeGraph {
    root: Definition(
        ShapeId(
            0,
        ),
    ),
    definitions: [
        DeserializeDefinitionShape {
            id: ShapeId(
                0,
            ),
            type_name: DeserializeTypeName {
                rust_name: "derive::Storage",
                name: "Storage",
            },
            kind: Enum(
                DeserializeEnumShape {
                    repr: Internal {
                        tag: "type",
                    },
                    variants: [
                        DeserializeVariantShape {
                            rust_name: "S3",
                            name: "s3",
                            aliases: [
                                "s3",
                                "s3-compatible",
                            ],
                            style: Struct,
                            fields: [
                                DeserializeFieldShape {
                                    member: Named(
                                        "bucket_name",
                                    ),
                                    name: "bucket-name",
                                    aliases: [
                                        "bucket-name",
                                    ],
                                    wire_shape: Value(
                                        String,
                                    ),
                                    default: None,
                                    flatten: false,
                                    skip: false,
                                    custom_deserializer: false,
                                    transparent: false,
                                },
                            ],
                            skip: false,
                            custom_deserializer: false,
                            other: false,
                            untagged: false,
                        },
                        DeserializeVariantShape {
                            rust_name: "AzBlob",
                            name: "az-blob",
                            aliases: [
                                "az-blob",
                            ],
                            style: Struct,
                            fields: [
                                DeserializeFieldShape {
                                    member: Named(
                                        "container_name",
                                    ),
                                    name: "container-name",
                                    aliases: [
                                        "container-name",
                                    ],
                                    wire_shape: Value(
                                        String,
                                    ),
                                    default: None,
                                    flatten: false,
                                    skip: false,
                                    custom_deserializer: false,
                                    transparent: false,
                                },
                            ],
                            skip: false,
                            custom_deserializer: false,
                            other: false,
                            untagged: false,
                        },
                        DeserializeVariantShape {
                            rust_name: "Other",
                            name: "other",
                            aliases: [
                                "other",
                            ],
                            style: Unit,
                            fields: [],
                            skip: false,
                            custom_deserializer: false,
                            other: true,
                            untagged: false,
                        },
                    ],
                    attributes: DeserializeContainerAttributes {
                        tagging: Internal {
                            tag: "type",
                        },
                        deny_unknown_fields: false,
                        default: None,
                        has_flatten: false,
                        transparent: false,
                        expecting: None,
                        non_exhaustive: true,
                    },
                },
            ),
        },
    ],
}
