---
source: tests/derive/tests/derive.rs
expression: "Config::deserialize_shape()"
---
DeserializeShapeGraph {
    root: Definition(
        ShapeId(
            0,
        ),
    ),
    definitions: [
        DeserializeDefinitionShape {
            id: ShapeId(
                0,
            ),
            type_name: DeserializeTypeName {
                rust_name: "derive::Config",
                name: "Config",
            },
            kind: Struct(
                DeserializeStructShape {
                    style: Struct,
                    fields: [
                        DeserializeFieldShape {
                            member: Named(
                                "http_port",
                            ),
                            name: "http-port",
                            aliases: [
                                "http-port",
                            ],
                            value_shape: Some(
                                U16,
                            ),
                            default: None,
                            flatten: false,
                            skip: false,
                            custom_deserializer: false,
                            transparent: false,
                        },
                        DeserializeFieldShape {
                            member: Named(
                                "api_url",
                            ),
                            name: "api-url",
                            aliases: [
                                "api-url",
                                "endpoint",
                            ],
                            value_shape: Some(
                                Option(
                                    String,
                                ),
                            ),
                            default: None,
                            flatten: false,
                            skip: false,
                            custom_deserializer: false,
                            transparent: false,
                        },
                        DeserializeFieldShape {
                            member: Named(
                                "retries",
                            ),
                            name: "retries",
                            aliases: [
                                "retries",
                            ],
                            value_shape: Some(
                                U8,
                            ),
                            default: Path(
                                "default_retries",
                            ),
                            flatten: false,
                            skip: false,
                            custom_deserializer: false,
                            transparent: false,
                        },
                        DeserializeFieldShape {
                            member: Named(
                                "storage",
                            ),
                            name: "storage",
                            aliases: [
                                "storage",
                            ],
                            value_shape: Some(
                                Definition(
                                    ShapeId(
                                        1,
                                    ),
                                ),
                            ),
                            default: None,
                            flatten: true,
                            skip: false,
                            custom_deserializer: false,
                            transparent: false,
                        },
                        DeserializeFieldShape {
                            member: Named(
                                "skipped",
                            ),
                            name: "skipped",
                            aliases: [
                                "skipped",
                            ],
                            value_shape: None,
                            default: None,
                            flatten: false,
                            skip: true,
                            custom_deserializer: false,
                            transparent: false,
                        },
                        DeserializeFieldShape {
                            member: Named(
                                "secret",
                            ),
                            name: "secret",
                            aliases: [
                                "secret",
                            ],
                            value_shape: None,
                            default: None,
                            flatten: false,
                            skip: false,
                            custom_deserializer: true,
                            transparent: false,
                        },
                    ],
                    attributes: DeserializeContainerAttributes {
                        tagging: External,
                        deny_unknown_fields: true,
                        default: Default,
                        has_flatten: true,
                        transparent: false,
                        expecting: Some(
                            "config object",
                        ),
                        non_exhaustive: false,
                    },
                },
            ),
        },
        DeserializeDefinitionShape {
            id: ShapeId(
                1,
            ),
            type_name: DeserializeTypeName {
                rust_name: "derive::Storage",
                name: "Storage",
            },
            kind: Enum(
                DeserializeEnumShape {
                    repr: Internal {
                        tag: "type",
                    },
                    variants: [
                        DeserializeVariantShape {
                            rust_name: "S3",
                            name: "s3",
                            aliases: [
                                "s3",
                                "s3-compatible",
                            ],
                            style: Struct,
                            fields: [
                                DeserializeFieldShape {
                                    member: Named(
                                        "bucket_name",
                                    ),
                                    name: "bucket-name",
                                    aliases: [
                                        "bucket-name",
                                    ],
                                    value_shape: Some(
                                        String,
                                    ),
                                    default: None,
                                    flatten: false,
                                    skip: false,
                                    custom_deserializer: false,
                                    transparent: false,
                                },
                            ],
                            skip: false,
                            custom_deserializer: false,
                            other: false,
                            untagged: false,
                        },
                        DeserializeVariantShape {
                            rust_name: "AzBlob",
                            name: "az-blob",
                            aliases: [
                                "az-blob",
                            ],
                            style: Struct,
                            fields: [
                                DeserializeFieldShape {
                                    member: Named(
                                        "container_name",
                                    ),
                                    name: "container-name",
                                    aliases: [
                                        "container-name",
                                    ],
                                    value_shape: Some(
                                        String,
                                    ),
                                    default: None,
                                    flatten: false,
                                    skip: false,
                                    custom_deserializer: false,
                                    transparent: false,
                                },
                            ],
                            skip: false,
                            custom_deserializer: false,
                            other: false,
                            untagged: false,
                        },
                        DeserializeVariantShape {
                            rust_name: "Other",
                            name: "other",
                            aliases: [
                                "other",
                            ],
                            style: Unit,
                            fields: [],
                            skip: false,
                            custom_deserializer: false,
                            other: true,
                            untagged: false,
                        },
                    ],
                    attributes: DeserializeContainerAttributes {
                        tagging: Internal {
                            tag: "type",
                        },
                        deny_unknown_fields: false,
                        default: None,
                        has_flatten: false,
                        transparent: false,
                        expecting: None,
                        non_exhaustive: true,
                    },
                },
            ),
        },
    ],
}
